// Jest Snapshot v1, https://goo.gl/fbAQLP

exports[`Spinner Component renders correctly and matches snapshot 1`] = `
<DocumentFragment>
  <div
    class="sc-TOsTZ kbnHra"
  />
</DocumentFragment>
`;
