// Jest Snapshot v1, https://goo.gl/fbAQLP

exports[`Tag component renders correctly 1`] = `[Function]`;
